// Jest Snapshot v1, https://goo.gl/fbAQLP

exports[`App renders correctly 1`] = `
<DocumentFragment>
  <div
    class="app"
  >
    <img
      alt="nasa"
      class="nasa-logo"
      src="nasa-logo.jpeg"
    />
    <form
      class="search-form"
    >
      <input
        class="search-input"
        type="text"
      />
      <button
        class="submit-button"
        type="submit"
      >
        LET'S GO!
      </button>
    </form>
    <p>
      No results
    </p>
  </div>
</DocumentFragment>
`;
